
> naveen-portfolio@0.0.0 build
> vite build

[36mvite v8.0.6 [32mbuilding client environment for production...[36m[39m
[2K
transforming...Γ£ô 2155 modules transformed.
rendering chunks...
npm : [31mΓ£ù[39m Build 
failed in 931ms
At line:1 char:1
+ npm run build > 
build_output.txt 2>&1
+ ~~~~~~~~~~~~~~~~~~~~~~~~
~~~~~~~~~~~~~
    + CategoryInfo        
      : NotSpecified: (  
  [31mΓ£ù[39m Build fa   
 iled in 931ms:String)    
 [], RemoteException
    + FullyQualifiedError 
   Id : NativeCommandErr  
  or
 
[31merror during build:
[31mBuild failed with 5 
errors:

[31m[MISSING_EXPORT] 
Error:[0m "Github" is 
not exported by "node_modu
les/lucide-react/dist/esm/
lucide-react.js".
   [38;5;246mΓò¡[0m[38;
5;246mΓöÇ[0m[38;5;246m[
[0m src/components/Footer.
jsx:1:10 [38;5;246m][0m
   [38;5;246mΓöé[0m
 [38;5;246m1 Γöé[0m [38
;5;249mi[0m[38;5;249mm[
0m[38;5;249mp[0m[38;5;2
49mo[0m[38;5;249mr[0m[
38;5;249mt[0m[38;5;249m 
[0m[38;5;249m{[0m[38;5
;249m [0mGithub[38;5;249
m,[0m[38;5;249m [0m[38
;5;249mL[0m[38;5;249mi[
0m[38;5;249mn[0m[38;5;2
49mk[0m[38;5;249me[0m[
38;5;249md[0m[38;5;249mi
[0m[38;5;249mn[0m[38;5
;249m,[0m[38;5;249m [0m
[38;5;249mH[0m[38;5;249
me[0m[38;5;249ma[0m[38
;5;249mr[0m[38;5;249mt[
0m[38;5;249m,[0m[38;5;2
49m [0m[38;5;249mM[0m[
38;5;249ma[0m[38;5;249mi
[0m[38;5;249ml[0m[38;5
;249m [0m[38;5;249m}[0m
[38;5;249m [0m[38;5;249
mf[0m[38;5;249mr[0m[38
;5;249mo[0m[38;5;249mm[
0m[38;5;249m [0m[38;5;2
49m"[0m[38;5;249ml[0m[
38;5;249mu[0m[38;5;249mc
[0m[38;5;249mi[0m[38;5
;249md[0m[38;5;249me[0m
[38;5;249m-[0m[38;5;249
mr[0m[38;5;249me[0m[38
;5;249ma[0m[38;5;249mc[
0m[38;5;249mt[0m[38;5;2
49m"[0m[38;5;249m;[0m
 [38;5;240m  Γöé[0m     
     ΓöÇΓöÇΓöÇΓö¼ΓöÇΓöÇ  
 [38;5;240m  Γöé[0m     
        Γò░ΓöÇΓöÇΓöÇΓöÇ 
Missing export
[38;5;246mΓöÇΓöÇΓöÇΓò»[0
m

[31m[MISSING_EXPORT] 
Error:[0m "Linkedin" is 
not exported by "node_modu
les/lucide-react/dist/esm/
lucide-react.js".
   [38;5;246mΓò¡[0m[38;
5;246mΓöÇ[0m[38;5;246m[
[0m src/components/Footer.
jsx:1:18 [38;5;246m][0m
   [38;5;246mΓöé[0m
 [38;5;246m1 Γöé[0m [38
;5;249mi[0m[38;5;249mm[
0m[38;5;249mp[0m[38;5;2
49mo[0m[38;5;249mr[0m[
38;5;249mt[0m[38;5;249m 
[0m[38;5;249m{[0m[38;5
;249m [0m[38;5;249mG[0m
[38;5;249mi[0m[38;5;249
mt[0m[38;5;249mh[0m[38
;5;249mu[0m[38;5;249mb[
0m[38;5;249m,[0m[38;5;2
49m [0mLinkedin[38;5;249
m,[0m[38;5;249m [0m[38
;5;249mH[0m[38;5;249me[
0m[38;5;249ma[0m[38;5;2
49mr[0m[38;5;249mt[0m[
38;5;249m,[0m[38;5;249m 
[0m[38;5;249mM[0m[38;5
;249ma[0m[38;5;249mi[0m
[38;5;249ml[0m[38;5;249
m [0m[38;5;249m}[0m[38
;5;249m [0m[38;5;249mf[
0m[38;5;249mr[0m[38;5;2
49mo[0m[38;5;249mm[0m[
38;5;249m [0m[38;5;249m"
[0m[38;5;249ml[0m[38;5
;249mu[0m[38;5;249mc[0m
[38;5;249mi[0m[38;5;249
md[0m[38;5;249me[0m[38
;5;249m-[0m[38;5;249mr[
0m[38;5;249me[0m[38;5;2
49ma[0m[38;5;249mc[0m[
38;5;249mt[0m[38;5;249m"
[0m[38;5;249m;[0m
 [38;5;240m  Γöé[0m     
             
ΓöÇΓöÇΓöÇΓöÇΓö¼ΓöÇΓöÇΓöÇ  
 [38;5;240m  Γöé[0m     
                 
Γò░ΓöÇΓöÇΓöÇΓöÇΓöÇ 
Missing export
[38;5;246mΓöÇΓöÇΓöÇΓò»[0
m

[31m[MISSING_EXPORT] 
Error:[0m "Github" is 
not exported by "node_modu
les/lucide-react/dist/esm/
lucide-react.js".
   [38;5;246mΓò¡[0m[38;
5;246mΓöÇ[0m[38;5;246m[
[0m 
src/data/skills.js:1:24 
[38;5;246m][0m
   [38;5;246mΓöé[0m
 [38;5;246m1 Γöé[0m [38
;5;249mi[0m[38;5;249mm[
0m[38;5;249mp[0m[38;5;2
49mo[0m[38;5;249mr[0m[
38;5;249mt[0m[38;5;249m 
[0m[38;5;249m{[0m[38;5
;249m [0m[38;5;249mC[0m
[38;5;249mo[0m[38;5;249
md[0m[38;5;249me[0m[38
;5;249m2[0m[38;5;249m,[
0m[38;5;249m [0m[38;5;2
49mG[0m[38;5;249ml[0m[
38;5;249mo[0m[38;5;249mb
[0m[38;5;249me[0m[38;5
;249m,[0m[38;5;249m [0m
Github[38;5;249m,[0m[38
;5;249m [0m[38;5;249mD[
0m[38;5;249ma[0m[38;5;2
49mt[0m[38;5;249ma[0m[
38;5;249mb[0m[38;5;249ma
[0m[38;5;249ms[0m[38;5
;249me[0m[38;5;249m,[0m
[38;5;249m [0m[38;5;249
mS[0m[38;5;249me[0m[38
;5;249mr[0m[38;5;249mv[
0m[38;5;249me[0m[38;5;2
49mr[0m[38;5;249m,[0m[
38;5;249m [0m[38;5;249mB
[0m[38;5;249ma[0m[38;5
;249mr[0m[38;5;249mC[0m
[38;5;249mh[0m[38;5;249
ma[0m[38;5;249mr[0m[38
;5;249mt[0m[38;5;249m2[
0m[38;5;249m,[0m[38;5;2
49m [0m[38;5;249mC[0m[
38;5;249mp[0m[38;5;249mu
[0m[38;5;249m,[0m[38;5
;249m [0m[38;5;249mT[0m
[38;5;249mr[0m[38;5;249
me[0m[38;5;249mn[0m[38
;5;249md[0m[38;5;249mi[
0m[38;5;249mn[0m[38;5;2
49mg[0m[38;5;249mU[0m[
38;5;249mp[0m[38;5;249m,
[0m[38;5;249m [0m[38;5
;249mM[0m[38;5;249mo[0m
[38;5;249mn[0m[38;5;249
mi[0m[38;5;249mt[0m[38
;5;249mo[0m[38;5;249mr[
0m[38;5;249m,[0m[38;5;2
49m [0m[38;5;249mL[0m[
38;5;249ma[0m[38;5;249my
[0m[38;5;249me[0m[38;5
;249mr[0m[38;5;249ms[0m
[38;5;249m,[0m[38;5;249
m [0m[38;5;249mG[0m[38
;5;249mi[0m[38;5;249mt[
0m[38;5;249mB[0m[38;5;2
49mr[0m[38;5;249ma[0m[
38;5;249mn[0m[38;5;249mc
[0m[38;5;249mh[0m[38;5
;249m,[0m[38;5;249m [0m
[38;5;249mF[0m[38;5;249
mi[0m[38;5;249mg[0m[38
;5;249mm[0m[38;5;249ma[
0m[38;5;249m [0m[38;5;2
49m}[0m[38;5;249m [0m[
38;5;249mf[0m[38;5;249mr
[0m[38;5;249mo[0m[38;5
;249mm[0m[38;5;249m [0m
[38;5;249m"[0m[38;5;249
ml[0m[38;5;249mu[0m[38
;5;249mc[0m[38;5;249mi[
0m[38;5;249md[0m[38;5;2
49me[0m[38;5;249m-[0m[
38;5;249mr[0m[38;5;249me
[0m[38;5;249ma[0m[38;5
;249mc[0m[38;5;249mt[0m
[38;5;249m"[0m[38;5;249
m;[0m
 [38;5;240m  Γöé[0m     
                   
ΓöÇΓöÇΓöÇΓö¼ΓöÇΓöÇ  
 [38;5;240m  Γöé[0m     
                      
Γò░ΓöÇΓöÇΓöÇΓöÇ Missing 
export
[38;5;246mΓöÇΓöÇΓöÇΓò»[0
m

[31m[MISSING_EXPORT] 
Error:[0m "Figma" is not 
exported by "node_modules/
lucide-react/dist/esm/luci
de-react.js".
   [38;5;246mΓò¡[0m[38;
5;246mΓöÇ[0m[38;5;246m[
[0m 
src/data/skills.js:1:106 
[38;5;246m][0m
   [38;5;246mΓöé[0m
 [38;5;246m1 Γöé[0m [38
;5;249mi[0m[38;5;249mm[
0m[38;5;249mp[0m[38;5;2
49mo[0m[38;5;249mr[0m[
38;5;249mt[0m[38;5;249m 
[0m[38;5;249m{[0m[38;5
;249m [0m[38;5;249mC[0m
[38;5;249mo[0m[38;5;249
md[0m[38;5;249me[0m[38
;5;249m2[0m[38;5;249m,[
0m[38;5;249m [0m[38;5;2
49mG[0m[38;5;249ml[0m[
38;5;249mo[0m[38;5;249mb
[0m[38;5;249me[0m[38;5
;249m,[0m[38;5;249m [0m
[38;5;249mG[0m[38;5;249
mi[0m[38;5;249mt[0m[38
;5;249mh[0m[38;5;249mu[
0m[38;5;249mb[0m[38;5;2
49m,[0m[38;5;249m [0m[
38;5;249mD[0m[38;5;249ma
[0m[38;5;249mt[0m[38;5
;249ma[0m[38;5;249mb[0m
[38;5;249ma[0m[38;5;249
ms[0m[38;5;249me[0m[38
;5;249m,[0m[38;5;249m [
0m[38;5;249mS[0m[38;5;2
49me[0m[38;5;249mr[0m[
38;5;249mv[0m[38;5;249me
[0m[38;5;249mr[0m[38;5
;249m,[0m[38;5;249m [0m
[38;5;249mB[0m[38;5;249
ma[0m[38;5;249mr[0m[38
;5;249mC[0m[38;5;249mh[
0m[38;5;249ma[0m[38;5;2
49mr[0m[38;5;249mt[0m[
38;5;249m2[0m[38;5;249m,
[0m[38;5;249m [0m[38;5
;249mC[0m[38;5;249mp[0m
[38;5;249mu[0m[38;5;249
m,[0m[38;5;249m [0m[38
;5;249mT[0m[38;5;249mr[
0m[38;5;249me[0m[38;5;2
49mn[0m[38;5;249md[0m[
38;5;249mi[0m[38;5;249mn
[0m[38;5;249mg[0m[38;5
;249mU[0m[38;5;249mp[0m
[38;5;249m,[0m[38;5;249
m [0m[38;5;249mM[0m[38
;5;249mo[0m[38;5;249mn[
0m[38;5;249mi[0m[38;5;2
49mt[0m[38;5;249mo[0m[
38;5;249mr[0m[38;5;249m,
[0m[38;5;249m [0m[38;5
;249mL[0m[38;5;249ma[0m
[38;5;249my[0m[38;5;249
me[0m[38;5;249mr[0m[38
;5;249ms[0m[38;5;249m,[
0m[38;5;249m [0m[38;5;2
49mG[0m[38;5;249mi[0m[
38;5;249mt[0m[38;5;249mB
[0m[38;5;249mr[0m[38;5
;249ma[0m[38;5;249mn[0m
[38;5;249mc[0m[38;5;249
mh[0m[38;5;249m,[0m[38
;5;249m 
[0mFigma[38;5;249m [0m
[38;5;249m}[0m[38;5;249m
 [0m[38;5;249mf[0m[38;
5;249mr[0m[38;5;249mo[0
m[38;5;249mm[0m[38;5;24
9m [0m[38;5;249m"[0m[3
8;5;249ml[0m[38;5;249mu
[0m[38;5;249mc[0m[38;5;
249mi[0m[38;5;249md[0m
[38;5;249me[0m[38;5;249m
-[0m[38;5;249mr[0m[38;
5;249me[0m[38;5;249ma[0
m[38;5;249mc[0m[38;5;24
9mt[0m[38;5;249m"[0m[3
8;5;249m;[0m
 [38;5;240m  Γöé[0m     
                          
                          
                          
                       
ΓöÇΓöÇΓö¼ΓöÇΓöÇ  
 [38;5;240m  Γöé[0m     
                          
                          
                          
                         
Γò░ΓöÇΓöÇΓöÇΓöÇ Missing 
export
[38;5;246mΓöÇΓöÇΓöÇΓò»[0
m

[31m[MISSING_EXPORT] 
Error:[0m "Github" is 
not exported by "node_modu
les/lucide-react/dist/esm/
lucide-react.js".
   [38;5;246mΓò¡[0m[38;
5;246mΓöÇ[0m[38;5;246m[
[0m src/components/Project
Card.jsx:2:10 
[38;5;246m][0m
   [38;5;246mΓöé[0m
 [38;5;246m2 Γöé[0m [38
;5;249mi[0m[38;5;249mm[
0m[38;5;249mp[0m[38;5;2
49mo[0m[38;5;249mr[0m[
38;5;249mt[0m[38;5;249m 
[0m[38;5;249m{[0m[38;5
;249m [0mGithub[38;5;249
m,[0m[38;5;249m [0m[38
;5;249mE[0m[38;5;249mx[
0m[38;5;249mt[0m[38;5;2
49me[0m[38;5;249mr[0m[
38;5;249mn[0m[38;5;249ma
[0m[38;5;249ml[0m[38;5
;249mL[0m[38;5;249mi[0m
[38;5;249mn[0m[38;5;249
mk[0m[38;5;249m,[0m[38
;5;249m [0m[38;5;249mT[
0m[38;5;249mr[0m[38;5;2
49me[0m[38;5;249mn[0m[
38;5;249md[0m[38;5;249mi
[0m[38;5;249mn[0m[38;5
;249mg[0m[38;5;249mU[0m
[38;5;249mp[0m[38;5;249
m,[0m[38;5;249m [0m[38
;5;249mZ[0m[38;5;249ma[
0m[38;5;249mp[0m[38;5;2
49m [0m[38;5;249m}[0m[
38;5;249m [0m[38;5;249mf
[0m[38;5;249mr[0m[38;5
;249mo[0m[38;5;249mm[0m
[38;5;249m [0m[38;5;249
m"[0m[38;5;249ml[0m[38
;5;249mu[0m[38;5;249mc[
0m[38;5;249mi[0m[38;5;2
49md[0m[38;5;249me[0m[
38;5;249m-[0m[38;5;249mr
[0m[38;5;249me[0m[38;5
;249ma[0m[38;5;249mc[0m
[38;5;249mt[0m[38;5;249
m"[0m[38;5;249m;[0m
 [38;5;240m  Γöé[0m     
     ΓöÇΓöÇΓöÇΓö¼ΓöÇΓöÇ  
 [38;5;240m  Γöé[0m     
        Γò░ΓöÇΓöÇΓöÇΓöÇ 
Missing export
[38;5;246mΓöÇΓöÇΓöÇΓò»[0
m
[31m
    at aggregateBindingErr
orsIntoJsError (file:///C:
/Study-Room/Portfolio/nave
en-portfolio/node_modules/
rolldown/dist/shared/error
-DBGOT6sf.mjs:48:18)
    at 
unwrapBindingResult (file:
///C:/Study-Room/Portfolio
/naveen-portfolio/node_mod
ules/rolldown/dist/shared/
error-DBGOT6sf.mjs:18:128)
    at #build (file:///C:/
Study-Room/Portfolio/navee
n-portfolio/node_modules/r
olldown/dist/shared/rolldo
wn-build-hRnqgxyz.mjs:3313
:34)
    at async 
buildEnvironment (file:///
C:/Study-Room/Portfolio/na
veen-portfolio/node_module
s/vite/dist/node/chunks/no
de.js:32954:64)
    at async Object.build 
(file:///C:/Study-Room/Por
tfolio/naveen-portfolio/no
de_modules/vite/dist/node/
chunks/node.js:33376:19)
    at async 
Object.buildApp (file:///C
:/Study-Room/Portfolio/nav
een-portfolio/node_modules
/vite/dist/node/chunks/nod
e.js:33373:153)
    at async 
CAC.<anonymous> (file:///C
:/Study-Room/Portfolio/nav
een-portfolio/node_modules
/vite/dist/node/cli.js:778
:3) {
  errors: [Getter/Setter]
}[39m
